[2026-03-13 23:43:49.668] INFO: MinesweeperBotApp инициализируется...
[2026-03-13 23:43:49.670] INFO: Инициализация компонентов...
[2026-03-13 23:43:49.752] INFO: ScreenCapture инициализирован, размер экрана: 1536x864
[2026-03-13 23:43:49.752] INFO: Начало калибровки...
[2026-03-13 23:43:49.752] INFO: Поиск игрового поля на экране...
[2026-03-13 23:43:49.881] INFO: Найдена область доски: java.awt.Rectangle[x=0,y=0,width=1536,height=864]
[2026-03-13 23:43:49.882] INFO: Определен размер клетки: 54px
[2026-03-13 23:44:24.184] INFO: Калибровка завершена: 16x28, клетка 54px, мин 10
[2026-03-13 23:44:24.234] INFO: Загружено 34 шаблонов из templates
[2026-03-13 23:44:24.243] INFO: PatternDetector инициализирован с 5 паттернами
[2026-03-13 23:44:24.243] INFO: Продвинутый бот инициализирован
[2026-03-13 23:44:24.244] ERROR: Критическая ошибка: Cannot invoke "java.util.List.add(Object)" because "this.strategies" is null
[2026-03-13 23:54:54.870] INFO: MinesweeperBotApp инициализируется...
[2026-03-13 23:54:54.872] INFO: Инициализация компонентов...
[2026-03-13 23:54:54.945] INFO: ScreenCapture инициализирован, размер экрана: 1536x864
[2026-03-13 23:54:54.945] INFO: Начало калибровки...
[2026-03-13 23:54:54.945] INFO: Поиск игрового поля на экране...
[2026-03-13 23:54:55.082] INFO: Найдена область доски: java.awt.Rectangle[x=0,y=0,width=1536,height=864]
[2026-03-13 23:54:55.083] INFO: Определен размер клетки: 54px
[2026-03-13 23:55:02.009] INFO: Калибровка завершена: 16x28, клетка 54px, мин 10
[2026-03-13 23:55:02.049] INFO: Загружено 34 шаблонов из templates
[2026-03-13 23:55:02.056] INFO: PatternDetector инициализирован с 5 паттернами
[2026-03-13 23:55:02.056] INFO: Продвинутый бот инициализирован
[2026-03-13 23:55:02.061] INFO: Создан продвинутый бот
[2026-03-13 23:55:02.071] INFO: MouseController инициализирован: cellSize=54, offset=java.awt.Point[x=0,y=0], delay=100
[2026-03-13 23:55:02.071] INFO: Инициализация завершена успешно
[2026-03-13 23:55:02.072] INFO: Запуск игрового цикла...
[2026-03-13 23:55:02.072] INFO: Первый ход...
[2026-03-13 23:55:02.486] INFO: Первый ход выполнен: Открыть (8,14) [1,00, Guaranteed]
[2026-03-13 23:55:03.031] INFO: Ход 2: Открыть (8,14) [1,00, Guaranteed]
[2026-03-13 23:55:04.311] INFO: Ход 3: Открыть (8,14) [1,00, Guaranteed]
[2026-03-13 23:55:05.588] INFO: Ход 4: Открыть (8,14) [1,00, Guaranteed]
[2026-03-13 23:55:06.851] INFO: Ход 5: Открыть (8,14) [1,00, Guaranteed]
[2026-03-13 23:55:08.094] INFO: Ход 6: Открыть (8,14) [1,00, Guaranteed]
[2026-03-13 23:55:09.353] INFO: Ход 7: Открыть (8,14) [1,00, Guaranteed]
[2026-03-13 23:55:10.604] INFO: Ход 8: Открыть (8,14) [1,00, Guaranteed]
[2026-03-13 23:55:11.852] INFO: Ход 9: Открыть (8,14) [1,00, Guaranteed]
[2026-03-13 23:55:13.096] INFO: Ход 10: Открыть (8,14) [1,00, Guaranteed]
[2026-03-13 23:55:14.351] INFO: Ход 11: Открыть (8,14) [1,00, Guaranteed]
[2026-03-13 23:55:15.597] INFO: Ход 12: Открыть (8,14) [1,00, Guaranteed]
[2026-03-13 23:55:16.856] INFO: Ход 13: Открыть (8,14) [1,00, Guaranteed]
[2026-03-13 23:55:18.092] INFO: Ход 14: Открыть (8,14) [1,00, Guaranteed]
[2026-03-13 23:55:19.356] INFO: Ход 15: Открыть (8,14) [1,00, Guaranteed]
[2026-03-13 23:55:20.593] INFO: Ход 16: Открыть (8,14) [1,00, Guaranteed]
[2026-03-13 23:55:21.869] INFO: Ход 17: Открыть (8,14) [1,00, Guaranteed]
[2026-03-13 23:55:23.126] INFO: Ход 18: Открыть (8,14) [1,00, Guaranteed]
[2026-03-13 23:55:24.386] INFO: Ход 19: Открыть (8,14) [1,00, Guaranteed]
[2026-03-13 23:55:25.681] INFO: Ход 20: Открыть (8,14) [1,00, Guaranteed]
[2026-03-13 23:55:26.955] INFO: Ход 21: Открыть (8,14) [1,00, Guaranteed]
[2026-03-13 23:55:28.234] INFO: Ход 22: Открыть (8,14) [1,00, Guaranteed]
[2026-03-13 23:55:29.499] INFO: Ход 23: Открыть (8,14) [1,00, Guaranteed]
[2026-03-13 23:55:30.771] INFO: Ход 24: Открыть (8,14) [1,00, Guaranteed]
[2026-03-13 23:55:32.030] INFO: Ход 25: Открыть (8,14) [1,00, Guaranteed]
[2026-03-13 23:55:33.291] INFO: Ход 26: Открыть (8,14) [1,00, Guaranteed]
[2026-03-14 00:30:11.496] INFO: MinesweeperBotApp инициализируется...
[2026-03-14 00:30:11.497] INFO: Инициализация компонентов...
[2026-03-14 00:30:11.572] INFO: ScreenCapture инициализирован, размер экрана: 1536x864
[2026-03-14 00:30:11.572] INFO: Начало калибровки...
[2026-03-14 00:30:19.978] INFO: Полуавтоматическая калибровка...
[2026-03-14 00:31:14.789] INFO: Калибровка сохранена в файл: calibration.dat
[2026-03-14 00:31:14.790] INFO: Калибровка завершена: 9x9, клетка 23px, смещение java.awt.Point[x=957,y=491]
[2026-03-14 00:31:14.831] INFO: Загружено 34 шаблонов из templates
[2026-03-14 00:31:14.838] INFO: PatternDetector инициализирован с 5 паттернами
[2026-03-14 00:31:14.838] INFO: Продвинутый бот инициализирован
[2026-03-14 00:31:14.844] INFO: Создан продвинутый бот с 2 стратегиями
[2026-03-14 00:31:14.850] INFO: MouseController инициализирован: cellSize=23, offset=java.awt.Point[x=957,y=491], delay=100
[2026-03-14 00:31:14.851] INFO: Инициализация завершена успешно
[2026-03-14 00:31:14.851] INFO: Запуск игрового цикла...
[2026-03-14 00:31:14.851] INFO: Проверка калибровки...
[2026-03-14 00:31:14.895] INFO: Скриншот сохранен: C:\Users\Galop\IdeaProjects\minesweeper\screenshots\calibration_verify.png
[2026-03-14 00:34:56.307] ERROR: Ошибка проверки калибровки: null
[2026-03-14 00:34:56.307] INFO: Первый ход...
[2026-03-14 00:34:56.703] INFO: Первый ход выполнен: Открыть (4,4) [1,00, Guaranteed]
[2026-03-14 00:35:34.186] INFO: MinesweeperBotApp инициализируется...
[2026-03-14 00:35:34.188] INFO: Инициализация компонентов...
[2026-03-14 00:35:34.260] INFO: ScreenCapture инициализирован, размер экрана: 1536x864
[2026-03-14 00:35:34.261] INFO: Начало калибровки...
[2026-03-14 00:35:41.774] INFO: Полуавтоматическая калибровка...
[2026-03-14 00:36:21.366] INFO: Калибровка сохранена в файл: calibration.dat
[2026-03-14 00:36:21.366] INFO: Калибровка завершена: 9x9, клетка 24px, смещение java.awt.Point[x=954,y=491]
[2026-03-14 00:36:21.413] INFO: Загружено 34 шаблонов из templates
[2026-03-14 00:36:21.421] INFO: PatternDetector инициализирован с 5 паттернами
[2026-03-14 00:36:21.421] INFO: Продвинутый бот инициализирован
[2026-03-14 00:36:21.426] INFO: Создан продвинутый бот с 2 стратегиями
[2026-03-14 00:36:21.432] INFO: MouseController инициализирован: cellSize=24, offset=java.awt.Point[x=954,y=491], delay=100
[2026-03-14 00:36:21.432] INFO: Инициализация завершена успешно
[2026-03-14 00:36:21.432] INFO: Запуск игрового цикла...
[2026-03-14 00:36:21.432] INFO: Проверка калибровки...
[2026-03-14 00:36:21.483] INFO: Скриншот сохранен: C:\Users\Galop\IdeaProjects\minesweeper\screenshots\calibration_verify.png
[2026-03-14 00:36:36.387] INFO: Первый ход...
[2026-03-14 00:36:36.806] INFO: Первый ход выполнен: Открыть (4,4) [1,00, Guaranteed]
[2026-03-14 00:38:00.983] INFO: MinesweeperBotApp инициализируется...
[2026-03-14 00:38:00.984] INFO: Инициализация компонентов...
[2026-03-14 00:38:01.058] INFO: ScreenCapture инициализирован, размер экрана: 1536x864
[2026-03-14 00:38:01.059] INFO: Начало калибровки...
[2026-03-14 00:38:08.492] INFO: Калибровка загружена из файла
[2026-03-14 00:38:08.494] INFO: Калибровка сохранена в файл: calibration.dat
[2026-03-14 00:38:08.501] INFO: Калибровка завершена: 9x9, клетка 24px, смещение java.awt.Point[x=954,y=491]
[2026-03-14 00:38:08.542] INFO: Загружено 34 шаблонов из templates
[2026-03-14 00:38:08.549] INFO: PatternDetector инициализирован с 5 паттернами
[2026-03-14 00:38:08.549] INFO: Продвинутый бот инициализирован
[2026-03-14 00:38:08.554] INFO: Создан продвинутый бот с 2 стратегиями
[2026-03-14 00:38:08.559] INFO: MouseController инициализирован: cellSize=24, offset=java.awt.Point[x=954,y=491], delay=100
[2026-03-14 00:38:08.559] INFO: Инициализация завершена успешно
[2026-03-14 00:38:08.559] INFO: Запуск игрового цикла...
[2026-03-14 00:38:08.559] INFO: Проверка калибровки...
[2026-03-14 00:38:08.605] INFO: Скриншот сохранен: C:\Users\Galop\IdeaProjects\minesweeper\screenshots\calibration_verify.png
[2026-03-14 00:38:23.196] INFO: Первый ход...
[2026-03-14 00:38:23.604] INFO: Первый ход выполнен: Открыть (4,4) [1,00, Guaranteed]
[2026-03-14 00:44:02.453] INFO: MinesweeperBotApp инициализируется...
[2026-03-14 00:44:02.453] INFO: Инициализация компонентов...
[2026-03-14 00:44:02.537] INFO: ScreenCapture инициализирован, размер экрана: 1536x864
[2026-03-14 00:44:02.537] INFO: Начало калибровки...
[2026-03-14 00:44:05.645] INFO: Калибровка загружена из файла
[2026-03-14 00:44:05.645] INFO: Калибровка сохранена в файл: calibration.dat
[2026-03-14 00:44:05.660] INFO: Калибровка завершена: 9x9, клетка 24px, смещение java.awt.Point[x=954,y=491]
[2026-03-14 00:44:05.692] INFO: Загружено 34 шаблонов из templates
[2026-03-14 00:44:05.707] INFO: PatternDetector инициализирован с 5 паттернами
[2026-03-14 00:44:05.707] INFO: Продвинутый бот инициализирован
[2026-03-14 00:44:05.707] INFO: Создан продвинутый бот с 2 стратегиями
[2026-03-14 00:44:05.723] INFO: MouseController инициализирован: cellSize=24, offset=java.awt.Point[x=954,y=491], delay=100
[2026-03-14 00:44:05.723] INFO: Инициализация завершена успешно
[2026-03-14 00:44:05.723] INFO: Запуск игрового цикла...
[2026-03-14 00:44:05.723] INFO: Проверка калибровки...
[2026-03-14 00:44:05.770] INFO: Скриншот сохранен: C:\Users\Galop\IdeaProjects\minesweeper\screenshots\calibration_verify.png
[2026-03-14 00:44:16.690] INFO: Первый ход...
[2026-03-14 00:44:16.753] INFO: Первый ход: Открыть (4,4) [1,00, Guaranteed]
[2026-03-14 00:44:23.857] WARNING: Нет изменений на доске в течение 5 секунд
[2026-03-14 00:44:23.872] INFO: Ход 2: Открыть (4,4) [1,00, Guaranteed]
[2026-03-14 00:44:30.253] WARNING: Нет изменений на доске в течение 5 секунд
[2026-03-14 00:44:30.253] INFO: Ход 3: Открыть (4,4) [1,00, Guaranteed]
[2026-03-14 00:44:36.650] WARNING: Нет изменений на доске в течение 5 секунд
[2026-03-14 00:44:36.650] INFO: Ход 4: Открыть (4,4) [1,00, Guaranteed]
[2026-03-14 00:44:43.045] WARNING: Нет изменений на доске в течение 5 секунд
[2026-03-14 00:44:43.045] INFO: Ход 5: Открыть (4,4) [1,00, Guaranteed]
[2026-03-14 00:44:49.408] WARNING: Нет изменений на доске в течение 5 секунд
[2026-03-14 00:44:49.408] INFO: Ход 6: Открыть (4,4) [1,00, Guaranteed]
[2026-03-14 00:44:55.819] WARNING: Нет изменений на доске в течение 5 секунд
[2026-03-14 00:44:55.819] INFO: Ход 7: Открыть (4,4) [1,00, Guaranteed]
[2026-03-14 00:45:02.183] WARNING: Нет изменений на доске в течение 5 секунд
[2026-03-14 00:45:02.199] INFO: Ход 8: Открыть (4,4) [1,00, Guaranteed]
[2026-03-14 00:45:08.580] WARNING: Нет изменений на доске в течение 5 секунд
[2026-03-14 00:45:08.580] INFO: Ход 9: Открыть (4,4) [1,00, Guaranteed]
[2026-03-14 00:45:14.961] WARNING: Нет изменений на доске в течение 5 секунд
[2026-03-14 00:45:14.976] INFO: Ход 10: Открыть (4,4) [1,00, Guaranteed]
[2026-03-14 00:45:21.406] WARNING: Нет изменений на доске в течение 5 секунд
[2026-03-14 00:45:21.406] INFO: Ход 11: Открыть (4,4) [1,00, Guaranteed]
[2026-03-14 00:45:27.770] WARNING: Нет изменений на доске в течение 5 секунд
[2026-03-14 00:45:27.785] INFO: Ход 12: Открыть (4,4) [1,00, Guaranteed]
[2026-03-14 00:45:34.181] WARNING: Нет изменений на доске в течение 5 секунд
[2026-03-14 00:45:34.181] INFO: Ход 13: Открыть (4,4) [1,00, Guaranteed]
[2026-03-14 00:53:38.839] INFO: MinesweeperBotApp инициализируется...
[2026-03-14 00:53:38.841] INFO: Инициализация компонентов...
[2026-03-14 00:53:38.914] INFO: ScreenCapture инициализирован, размер экрана: 1536x864
[2026-03-14 00:53:38.915] INFO: Начало калибровки...
[2026-03-14 00:53:41.678] INFO: Калибровка загружена из файла
[2026-03-14 00:53:41.680] INFO: Калибровка сохранена в файл: calibration.dat
[2026-03-14 00:53:41.686] INFO: Калибровка завершена: 9x9, клетка 24px, смещение java.awt.Point[x=954,y=491]
[2026-03-14 00:53:41.728] INFO: Загружено 34 шаблонов из templates
[2026-03-14 00:53:41.735] INFO: PatternDetector инициализирован с 5 паттернами
[2026-03-14 00:53:41.735] INFO: Продвинутый бот инициализирован
[2026-03-14 00:53:41.741] INFO: Создан продвинутый бот с 2 стратегиями
[2026-03-14 00:53:41.747] INFO: MouseController инициализирован: cellSize=24, offset=java.awt.Point[x=954,y=491], delay=100
[2026-03-14 00:53:41.747] INFO: Инициализация завершена успешно
[2026-03-14 00:53:41.748] INFO: Запуск игрового цикла...
[2026-03-14 00:53:41.748] INFO: Проверка калибровки...
[2026-03-14 00:53:41.791] INFO: Скриншот сохранен: C:\Users\Galop\IdeaProjects\minesweeper\screenshots\calibration_verify.png
[2026-03-14 00:53:58.383] INFO: MinesweeperBotApp инициализируется...
[2026-03-14 00:53:58.385] INFO: Инициализация компонентов...
[2026-03-14 00:53:58.458] INFO: ScreenCapture инициализирован, размер экрана: 1536x864
[2026-03-14 00:53:58.458] INFO: Начало калибровки...
[2026-03-14 00:54:01.151] INFO: Калибровка загружена из файла
[2026-03-14 00:54:01.153] INFO: Калибровка сохранена в файл: calibration.dat
[2026-03-14 00:54:01.159] INFO: Калибровка завершена: 9x9, клетка 24px, смещение java.awt.Point[x=954,y=491]
[2026-03-14 00:54:01.200] INFO: Загружено 34 шаблонов из templates
[2026-03-14 00:54:01.208] INFO: PatternDetector инициализирован с 5 паттернами
[2026-03-14 00:54:01.208] INFO: Продвинутый бот инициализирован
[2026-03-14 00:54:01.212] INFO: Создан продвинутый бот с 2 стратегиями
[2026-03-14 00:54:01.217] INFO: MouseController инициализирован: cellSize=24, offset=java.awt.Point[x=954,y=491], delay=100
[2026-03-14 00:54:01.217] INFO: Инициализация завершена успешно
[2026-03-14 00:54:01.217] INFO: Запуск игрового цикла...
[2026-03-14 00:54:01.217] INFO: Проверка калибровки...
[2026-03-14 00:54:01.265] INFO: Скриншот сохранен: C:\Users\Galop\IdeaProjects\minesweeper\screenshots\calibration_verify.png
[2026-03-14 00:54:03.910] INFO: Первый ход...
[2026-03-14 00:54:03.970] INFO: Первый ход: Открыть (4,4) [1,00, Guaranteed]
[2026-03-14 00:54:09.554] WARNING: Нет прогресса. Попытка 1
[2026-03-14 00:54:12.828] WARNING: Нет прогресса. Попытка 2
[2026-03-14 00:54:16.060] WARNING: Нет прогресса. Попытка 3
[2026-03-14 00:54:16.060] WARNING: Нет прогресса 3 раза, пробуем безопасный ход
[2026-03-14 00:54:16.062] WARNING: Безопасный ход: (7, 5)
[2026-03-14 00:54:16.062] INFO: Безопасный ход 2: Открыть (7,5) [0,50, Unknown]
[2026-03-14 00:54:21.057] WARNING: Нет прогресса. Попытка 1
[2026-03-14 00:54:24.223] WARNING: Нет прогресса. Попытка 2
[2026-03-14 00:54:27.403] WARNING: Нет прогресса. Попытка 3
[2026-03-14 00:54:27.403] WARNING: Нет прогресса 3 раза, пробуем безопасный ход
[2026-03-14 00:54:27.404] WARNING: Безопасный ход: (1, 3)
[2026-03-14 00:54:27.404] INFO: Безопасный ход 3: Открыть (1,3) [0,50, Unknown]
[2026-03-14 00:54:32.332] WARNING: Нет прогресса. Попытка 1
[2026-03-14 00:54:35.563] WARNING: Нет прогресса. Попытка 2
[2026-03-14 00:54:38.728] WARNING: Нет прогресса. Попытка 3
[2026-03-14 00:54:38.729] WARNING: Нет прогресса 3 раза, пробуем безопасный ход
[2026-03-14 00:54:38.729] WARNING: Безопасный ход: (2, 7)
[2026-03-14 00:54:38.730] INFO: Безопасный ход 4: Открыть (2,7) [0,50, Unknown]
[2026-03-14 00:54:43.710] WARNING: Нет прогресса. Попытка 1
[2026-03-14 00:54:46.957] WARNING: Нет прогресса. Попытка 2
[2026-03-14 00:54:50.189] WARNING: Нет прогресса. Попытка 3
[2026-03-14 00:54:50.189] WARNING: Нет прогресса 3 раза, пробуем безопасный ход
[2026-03-14 00:54:50.190] WARNING: Безопасный ход: (1, 2)
[2026-03-14 00:54:50.190] INFO: Безопасный ход 5: Открыть (1,2) [0,50, Unknown]
[2026-03-14 00:54:55.138] WARNING: Нет прогресса. Попытка 1
[2026-03-14 00:54:58.402] WARNING: Нет прогресса. Попытка 2
[2026-03-14 00:55:01.617] WARNING: Нет прогресса. Попытка 3
[2026-03-14 00:55:01.617] WARNING: Нет прогресса 3 раза, пробуем безопасный ход
[2026-03-14 00:55:01.617] WARNING: Безопасный ход: (2, 6)
[2026-03-14 00:55:01.618] INFO: Безопасный ход 6: Открыть (2,6) [0,50, Unknown]
[2026-03-14 00:55:06.597] WARNING: Нет прогресса. Попытка 1
[2026-03-14 00:55:09.896] WARNING: Нет прогресса. Попытка 2
[2026-03-14 00:55:13.144] WARNING: Нет прогресса. Попытка 3
[2026-03-14 00:55:13.144] WARNING: Нет прогресса 3 раза, пробуем безопасный ход
[2026-03-14 00:55:13.144] WARNING: Безопасный ход: (8, 5)
[2026-03-14 00:55:13.145] INFO: Безопасный ход 7: Открыть (8,5) [0,50, Unknown]
[2026-03-14 00:55:18.192] WARNING: Нет прогресса. Попытка 1
[2026-03-14 00:55:21.456] WARNING: Нет прогресса. Попытка 2
[2026-03-14 00:55:24.654] WARNING: Нет прогресса. Попытка 3
[2026-03-14 00:55:24.654] WARNING: Нет прогресса 3 раза, пробуем безопасный ход
[2026-03-14 00:55:24.655] WARNING: Безопасный ход: (5, 0)
[2026-03-14 00:55:24.655] INFO: Безопасный ход 8: Открыть (5,0) [0,50, Unknown]
[2026-03-14 00:55:29.667] WARNING: Нет прогресса. Попытка 1
[2026-03-14 00:55:32.915] WARNING: Нет прогресса. Попытка 2
[2026-03-14 00:55:36.080] WARNING: Нет прогресса. Попытка 3
[2026-03-14 00:55:36.080] WARNING: Нет прогресса 3 раза, пробуем безопасный ход
[2026-03-14 00:55:36.080] WARNING: Безопасный ход: (5, 1)
[2026-03-14 00:55:36.081] INFO: Безопасный ход 9: Открыть (5,1) [0,50, Unknown]
[2026-03-14 00:55:41.028] WARNING: Нет прогресса. Попытка 1
[2026-03-14 00:55:44.242] WARNING: Нет прогресса. Попытка 2
[2026-03-14 00:55:47.491] WARNING: Нет прогресса. Попытка 3
[2026-03-14 00:55:47.491] WARNING: Нет прогресса 3 раза, пробуем безопасный ход
[2026-03-14 00:55:47.491] WARNING: Безопасный ход: (6, 5)
[2026-03-14 00:55:47.491] INFO: Безопасный ход 10: Открыть (6,5) [0,50, Unknown]
[2026-03-14 00:55:52.404] WARNING: Нет прогресса. Попытка 1
[2026-03-14 00:55:55.652] WARNING: Нет прогресса. Попытка 2
[2026-03-14 00:55:58.834] WARNING: Нет прогресса. Попытка 3
[2026-03-14 00:55:58.834] WARNING: Нет прогресса 3 раза, пробуем безопасный ход
[2026-03-14 00:55:58.835] WARNING: Безопасный ход: (1, 6)
[2026-03-14 00:55:58.835] INFO: Безопасный ход 11: Открыть (1,6) [0,50, Unknown]
[2026-03-14 00:56:03.798] WARNING: Нет прогресса. Попытка 1
[2026-03-14 00:56:07.046] WARNING: Нет прогресса. Попытка 2
[2026-03-14 00:56:10.277] WARNING: Нет прогресса. Попытка 3
[2026-03-14 00:56:10.277] WARNING: Нет прогресса 3 раза, пробуем безопасный ход
[2026-03-14 00:56:10.278] WARNING: Безопасный ход: (3, 2)
[2026-03-14 00:56:10.278] INFO: Безопасный ход 12: Открыть (3,2) [0,50, Unknown]
[2026-03-14 00:56:15.291] WARNING: Нет прогресса. Попытка 1
[2026-03-14 00:56:18.473] WARNING: Нет прогресса. Попытка 2
[2026-03-14 00:56:21.687] WARNING: Нет прогресса. Попытка 3
[2026-03-14 00:56:21.687] WARNING: Нет прогресса 3 раза, пробуем безопасный ход
[2026-03-14 00:56:21.687] WARNING: Безопасный ход: (5, 6)
[2026-03-14 00:56:21.688] INFO: Безопасный ход 13: Открыть (5,6) [0,50, Unknown]
[2026-03-14 00:56:26.669] WARNING: Нет прогресса. Попытка 1
[2026-03-14 00:56:29.900] WARNING: Нет прогресса. Попытка 2
[2026-03-14 00:56:33.148] WARNING: Нет прогресса. Попытка 3
[2026-03-14 00:56:33.148] WARNING: Нет прогресса 3 раза, пробуем безопасный ход
[2026-03-14 00:56:33.148] WARNING: Безопасный ход: (0, 6)
[2026-03-14 00:56:33.149] INFO: Безопасный ход 14: Открыть (0,6) [0,50, Unknown]
[2026-03-14 00:56:38.095] WARNING: Нет прогресса. Попытка 1
[2026-03-14 00:56:41.294] WARNING: Нет прогресса. Попытка 2
